▲ Next.js 16.2.6 (Turbopack)
- Local:         http://127.0.0.1:3000
- Network:       http://127.0.0.1:3000
- Environments: .env.local
✓ Ready in 472ms

 GET /services 200 in 1066ms (next.js: 613ms, application-code: 453ms)
 GET /services 200 in 148ms (next.js: 8ms, application-code: 139ms)
 GET /services 200 in 204ms (next.js: 4ms, application-code: 200ms)
 GET /services 200 in 216ms (next.js: 11ms, application-code: 205ms)
 GET /services 200 in 139ms (next.js: 9ms, application-code: 130ms)
✓ Compiled in 362ms
 GET /services 200 in 136ms (next.js: 9ms, application-code: 127ms)
 GET /services 200 in 154ms (next.js: 12ms, application-code: 141ms)
 GET /services 200 in 247ms (next.js: 55ms, application-code: 193ms)
 GET /services 200 in 82ms (next.js: 5ms, application-code: 77ms)
 GET /services 200 in 216ms (next.js: 57ms, application-code: 159ms)
 GET /services 200 in 75ms (next.js: 3ms, application-code: 73ms)
 GET /services 200 in 454ms (next.js: 11ms, application-code: 444ms)
 GET /en/services 200 in 161ms (next.js: 13ms, application-code: 148ms)
 GET /services 200 in 216ms (next.js: 55ms, application-code: 161ms)
 GET /services 200 in 60ms (next.js: 3ms, application-code: 56ms)
 GET /services 200 in 200ms (next.js: 51ms, application-code: 149ms)
 GET /services 200 in 73ms (next.js: 3ms, application-code: 70ms)
 GET /services 200 in 178ms (next.js: 45ms, application-code: 133ms)
 GET /services 200 in 62ms (next.js: 2ms, application-code: 60ms)
 GET /services 200 in 213ms (next.js: 47ms, application-code: 166ms)
 GET /services 200 in 88ms (next.js: 3ms, application-code: 85ms)
 GET /services 200 in 234ms (next.js: 52ms, application-code: 182ms)
 GET /services 200 in 78ms (next.js: 4ms, application-code: 74ms)
 GET /services 200 in 177ms (next.js: 45ms, application-code: 132ms)
 GET /services 200 in 60ms (next.js: 2ms, application-code: 58ms)
 GET /services 200 in 224ms (next.js: 53ms, application-code: 171ms)
 GET /services 200 in 76ms (next.js: 2ms, application-code: 73ms)
 GET /en/services 200 in 67ms (next.js: 11ms, application-code: 56ms)
 GET /en/services 200 in 246ms (next.js: 54ms, application-code: 192ms)
 GET /en/services 200 in 95ms (next.js: 3ms, application-code: 91ms)
 GET /en/services 200 in 231ms (next.js: 65ms, application-code: 166ms)
 GET /en/services 200 in 75ms (next.js: 4ms, application-code: 71ms)
 GET /en/services 200 in 522ms (next.js: 10ms, application-code: 512ms)
 GET /services 200 in 171ms (next.js: 10ms, application-code: 161ms)
 GET /en/services 200 in 340ms (next.js: 82ms, application-code: 258ms)
 GET /en/services 200 in 114ms (next.js: 7ms, application-code: 107ms)
 GET /en/services 200 in 196ms (next.js: 50ms, application-code: 146ms)
 GET /en/services 200 in 63ms (next.js: 3ms, application-code: 60ms)
✓ Compiled in 147ms
 GET /en/services 200 in 304ms (next.js: 8ms, application-code: 295ms)
 GET /en/services 200 in 232ms (next.js: 52ms, application-code: 180ms)
 GET /en/services 200 in 84ms (next.js: 3ms, application-code: 81ms)
 GET /en/services 200 in 185ms (next.js: 47ms, application-code: 138ms)
 GET /en/services 200 in 63ms (next.js: 2ms, application-code: 61ms)
 GET /en/services 200 in 209ms (next.js: 49ms, application-code: 160ms)
 GET /en/services 200 in 88ms (next.js: 4ms, application-code: 84ms)
 GET /en/services 200 in 237ms (next.js: 51ms, application-code: 186ms)
 GET /en/services 200 in 88ms (next.js: 5ms, application-code: 83ms)
 GET /en/services 200 in 190ms (next.js: 46ms, application-code: 144ms)
 GET /en/services 200 in 64ms (next.js: 2ms, application-code: 62ms)
 GET /en/services 200 in 205ms (next.js: 50ms, application-code: 155ms)
 GET /en/services 200 in 82ms (next.js: 3ms, application-code: 79ms)
 GET /en/services 200 in 299ms (next.js: 55ms, application-code: 244ms)
 GET /en/services 200 in 149ms (next.js: 4ms, application-code: 145ms)
 GET /en/services 200 in 214ms (next.js: 46ms, application-code: 168ms)
 GET /en/services 200 in 88ms (next.js: 4ms, application-code: 83ms)
 GET /en/services 200 in 179ms (next.js: 45ms, application-code: 134ms)
 GET /en/services 200 in 57ms (next.js: 2ms, application-code: 55ms)
 GET /en/services 200 in 194ms (next.js: 52ms, application-code: 142ms)
 GET /en/services 200 in 73ms (next.js: 2ms, application-code: 71ms)
 GET /en/services 200 in 368ms (next.js: 8ms, application-code: 359ms)
 GET /en/services 200 in 214ms (next.js: 8ms, application-code: 207ms)
 GET /en/services 500 in 1889ms (next.js: 1772ms, application-code: 117ms)
 GET /en/services 500 in 13ms (next.js: 5ms, application-code: 8ms)
 GET /en/services 200 in 459ms (next.js: 48ms, application-code: 411ms)
 GET /services 200 in 75ms (next.js: 12ms, application-code: 63ms)
 GET /services 200 in 283ms (next.js: 54ms, application-code: 229ms)
 GET /services 200 in 115ms (next.js: 3ms, application-code: 112ms)
✓ Compiled in 93ms
 GET /services 200 in 251ms (next.js: 9ms, application-code: 242ms)
 GET /services 200 in 265ms (next.js: 57ms, application-code: 208ms)
 GET /services 200 in 71ms (next.js: 3ms, application-code: 68ms)
 GET /services 200 in 503ms (next.js: 11ms, application-code: 493ms)
 GET /en/services 200 in 170ms (next.js: 11ms, application-code: 159ms)
 GET /services 200 in 246ms (next.js: 59ms, application-code: 186ms)
 GET /services 200 in 80ms (next.js: 3ms, application-code: 76ms)
 GET /services 200 in 266ms (next.js: 52ms, application-code: 214ms)
 GET /services 200 in 121ms (next.js: 3ms, application-code: 117ms)
 GET /services 200 in 478ms (next.js: 11ms, application-code: 466ms)
 GET /en/services 200 in 152ms (next.js: 9ms, application-code: 143ms)
 GET /services 200 in 132ms (next.js: 9ms, application-code: 123ms)
✓ Compiled in 136ms
 GET /services 200 in 134ms (next.js: 8ms, application-code: 126ms)
 GET /services 200 in 243ms (next.js: 53ms, application-code: 190ms)
 GET /services 200 in 79ms (next.js: 3ms, application-code: 76ms)
 GET /services 200 in 225ms (next.js: 7ms, application-code: 217ms)
✓ Compiled in 132ms
 GET /services 200 in 130ms (next.js: 8ms, application-code: 122ms)
 GET /services 200 in 217ms (next.js: 52ms, application-code: 165ms)
 GET /services 200 in 68ms (next.js: 3ms, application-code: 65ms)
 GET /services 200 in 271ms (next.js: 52ms, application-code: 219ms)
 GET /services 200 in 131ms (next.js: 3ms, application-code: 127ms)
✓ Compiled in 97ms
 GET /services 200 in 579ms (next.js: 11ms, application-code: 568ms)
 GET /en/services 200 in 119ms (next.js: 8ms, application-code: 111ms)
 GET /services 200 in 232ms (next.js: 79ms, application-code: 153ms)
 GET /services 200 in 57ms (next.js: 2ms, application-code: 55ms)
 GET /services 200 in 260ms (next.js: 74ms, application-code: 187ms)
 GET /services 200 in 102ms (next.js: 4ms, application-code: 99ms)
 GET /services 200 in 203ms (next.js: 70ms, application-code: 133ms)
 GET /services 200 in 64ms (next.js: 3ms, application-code: 61ms)
✓ Compiled in 135ms
 GET /services 200 in 223ms (next.js: 8ms, application-code: 215ms)
 GET /services 200 in 337ms (next.js: 90ms, application-code: 247ms)
 GET /services 200 in 142ms (next.js: 4ms, application-code: 138ms)
 GET /services 200 in 200ms (next.js: 71ms, application-code: 129ms)
 GET /services 200 in 53ms (next.js: 2ms, application-code: 51ms)
 GET /services 200 in 262ms (next.js: 74ms, application-code: 188ms)
 GET /services 200 in 106ms (next.js: 3ms, application-code: 103ms)
 GET /services 200 in 203ms (next.js: 73ms, application-code: 130ms)
 GET /services 200 in 58ms (next.js: 2ms, application-code: 56ms)
 GET /services 200 in 216ms (next.js: 74ms, application-code: 142ms)
 GET /services 200 in 56ms (next.js: 2ms, application-code: 54ms)
 GET /services 200 in 218ms (next.js: 72ms, application-code: 146ms)
 GET /services 200 in 69ms (next.js: 14ms, application-code: 55ms)
 GET /services 200 in 261ms (next.js: 69ms, application-code: 192ms)
 GET /services 200 in 114ms (next.js: 3ms, application-code: 110ms)
 GET /services 200 in 210ms (next.js: 71ms, application-code: 139ms)
 GET /services 200 in 60ms (next.js: 2ms, application-code: 58ms)
 GET /services 200 in 230ms (next.js: 77ms, application-code: 153ms)
 GET /services 200 in 59ms (next.js: 3ms, application-code: 56ms)
 GET /services 200 in 216ms (next.js: 70ms, application-code: 146ms)
 GET /services 200 in 71ms (next.js: 2ms, application-code: 68ms)
 GET /services 200 in 220ms (next.js: 71ms, application-code: 149ms)
 GET /services 200 in 77ms (next.js: 3ms, application-code: 74ms)
 GET /services 200 in 217ms (next.js: 69ms, application-code: 148ms)
 GET /services 200 in 57ms (next.js: 3ms, application-code: 54ms)
 GET /services 200 in 210ms (next.js: 72ms, application-code: 138ms)
 GET /services 200 in 54ms (next.js: 2ms, application-code: 52ms)
 GET /services 200 in 302ms (next.js: 10ms, application-code: 293ms)
 GET /en/services 200 in 149ms (next.js: 3ms, application-code: 146ms)
 GET /services 200 in 206ms (next.js: 71ms, application-code: 135ms)
 GET /services 200 in 55ms (next.js: 3ms, application-code: 53ms)
 GET /services 200 in 210ms (next.js: 73ms, application-code: 137ms)
 GET /services 200 in 63ms (next.js: 3ms, application-code: 60ms)
 GET /services 200 in 280ms (next.js: 88ms, application-code: 192ms)
 GET /services 200 in 90ms (next.js: 4ms, application-code: 85ms)
 GET /services 200 in 381ms (next.js: 89ms, application-code: 292ms)
 GET /services 200 in 180ms (next.js: 16ms, application-code: 164ms)
✓ Compiled in 93ms
 GET /services 200 in 622ms (next.js: 9ms, application-code: 613ms)
 GET /en/services 200 in 115ms (next.js: 7ms, application-code: 108ms)
 GET /services 200 in 122ms (next.js: 7ms, application-code: 115ms)
 GET /services 200 in 272ms (next.js: 80ms, application-code: 192ms)
 GET /services 200 in 85ms (next.js: 4ms, application-code: 81ms)
 GET /services 200 in 301ms (next.js: 87ms, application-code: 214ms)
 GET /services 200 in 105ms (next.js: 3ms, application-code: 102ms)
