▲ Next.js 16.2.6 (Turbopack)
- Local:         http://127.0.0.1:3000
- Network:       http://127.0.0.1:3000
- Environments: .env.local
✓ Ready in 6.5s

○ Compiling /[...slug] ...
 GET /services 200 in 7.9s (next.js: 7.4s, application-code: 461ms)
 GET /services 200 in 153ms (next.js: 11ms, application-code: 143ms)
 GET /services 200 in 283ms (next.js: 53ms, application-code: 230ms)
 GET /services 200 in 77ms (next.js: 5ms, application-code: 72ms)
 GET /services 200 in 203ms (next.js: 49ms, application-code: 153ms)
 GET /services 200 in 77ms (next.js: 3ms, application-code: 74ms)
 GET /services 200 in 217ms (next.js: 54ms, application-code: 163ms)
 GET /services 200 in 57ms (next.js: 3ms, application-code: 54ms)
 GET /services 200 in 201ms (next.js: 47ms, application-code: 153ms)
 GET /services 200 in 79ms (next.js: 4ms, application-code: 75ms)
 GET /services 200 in 216ms (next.js: 54ms, application-code: 162ms)
 GET /services 200 in 59ms (next.js: 3ms, application-code: 57ms)
 GET /services 200 in 207ms (next.js: 47ms, application-code: 160ms)
 GET /services 200 in 82ms (next.js: 3ms, application-code: 78ms)
 GET /services 200 in 213ms (next.js: 51ms, application-code: 161ms)
 GET /services 200 in 60ms (next.js: 3ms, application-code: 57ms)
 GET /services 200 in 201ms (next.js: 51ms, application-code: 150ms)
 GET /services 200 in 55ms (next.js: 2ms, application-code: 53ms)
 GET /services 200 in 206ms (next.js: 48ms, application-code: 158ms)
 GET /services 200 in 78ms (next.js: 3ms, application-code: 75ms)
 GET /services 200 in 203ms (next.js: 48ms, application-code: 155ms)
 GET /services 200 in 75ms (next.js: 3ms, application-code: 72ms)
 GET /services 200 in 223ms (next.js: 51ms, application-code: 172ms)
 GET /services 200 in 85ms (next.js: 3ms, application-code: 83ms)
 GET /services 200 in 222ms (next.js: 51ms, application-code: 171ms)
 GET /services 200 in 83ms (next.js: 4ms, application-code: 79ms)
 GET /services 200 in 188ms (next.js: 45ms, application-code: 143ms)
 GET /services 200 in 69ms (next.js: 2ms, application-code: 66ms)
 GET /services 200 in 225ms (next.js: 52ms, application-code: 173ms)
 GET /services 200 in 78ms (next.js: 3ms, application-code: 75ms)
 GET /services 200 in 187ms (next.js: 48ms, application-code: 139ms)
 GET /services 200 in 60ms (next.js: 3ms, application-code: 57ms)
 GET /services 200 in 212ms (next.js: 46ms, application-code: 166ms)
 GET /services 200 in 87ms (next.js: 3ms, application-code: 84ms)
 GET /services 200 in 247ms (next.js: 52ms, application-code: 196ms)
 GET /services 200 in 95ms (next.js: 4ms, application-code: 91ms)
 GET /services 200 in 199ms (next.js: 7ms, application-code: 192ms)
 GET /services 200 in 187ms (next.js: 10ms, application-code: 177ms)
 GET /services 200 in 130ms (next.js: 7ms, application-code: 123ms)
 GET /services 200 in 136ms (next.js: 7ms, application-code: 129ms)
